modo CollatzFix1 seed=0: ya en JSON
modo CollatzFix1 seed=2: ya en JSON
modo CollatzFix1 seed=4: ya en JSON
modo NoCollatz seed=1: ya en JSON
modo NoCollatz seed=3: ya en JSON
=== RandomGate seed=0 ===
[RandomGate seed=0] ep 1/40 token_acc=0.1760 ce=2.043
[RandomGate seed=0] ep 6/40 token_acc=0.3014 ce=1.726
[RandomGate seed=0] ep 11/40 token_acc=0.2855 ce=1.606
[RandomGate seed=0] ep 16/40 token_acc=0.2869 ce=1.505
[RandomGate seed=0] ep 21/40 token_acc=0.2973 ce=1.465
[RandomGate seed=0] ep 26/40 token_acc=0.3018 ce=1.438
[RandomGate seed=0] ep 31/40 token_acc=0.3084 ce=1.409
[RandomGate seed=0] ep 36/40 token_acc=0.3078 ce=1.434
[RandomGate seed=0] ep 40/40 token_acc=0.3074 ce=1.460
RandomGate seed=0: token_acc=0.3074 exact=0.0000

=== RandomGate seed=2 ===
[RandomGate seed=2] ep 1/40 token_acc=0.1750 ce=2.021
[RandomGate seed=2] ep 6/40 token_acc=0.2945 ce=1.731
[RandomGate seed=2] ep 11/40 token_acc=0.2809 ce=1.641
[RandomGate seed=2] ep 16/40 token_acc=0.2914 ce=1.538
[RandomGate seed=2] ep 21/40 token_acc=0.3119 ce=1.477
[RandomGate seed=2] ep 26/40 token_acc=0.3139 ce=1.485
[RandomGate seed=2] ep 31/40 token_acc=0.3184 ce=1.444
[RandomGate seed=2] ep 36/40 token_acc=0.3213 ce=1.440
[RandomGate seed=2] ep 40/40 token_acc=0.3209 ce=1.450
RandomGate seed=2: token_acc=0.3209 exact=0.0000

=== RandomGate seed=4 ===
[RandomGate seed=4] ep 1/40 token_acc=0.1729 ce=2.045
[RandomGate seed=4] ep 6/40 token_acc=0.2938 ce=1.724
[RandomGate seed=4] ep 11/40 token_acc=0.2545 ce=1.608
[RandomGate seed=4] ep 16/40 token_acc=0.2648 ce=1.505
[RandomGate seed=4] ep 21/40 token_acc=0.2811 ce=1.446
[RandomGate seed=4] ep 26/40 token_acc=0.2871 ce=1.434
[RandomGate seed=4] ep 31/40 token_acc=0.2877 ce=1.451
[RandomGate seed=4] ep 36/40 token_acc=0.2877 ce=1.439
[RandomGate seed=4] ep 40/40 token_acc=0.2879 ce=1.457
RandomGate seed=4: token_acc=0.2879 exact=0.0000

=== SobolGate seed=1 ===
[SobolGate seed=1] ep 1/40 token_acc=0.1359 ce=2.110
[SobolGate seed=1] ep 6/40 token_acc=0.2365 ce=1.941
[SobolGate seed=1] ep 11/40 token_acc=0.3725 ce=1.587
[SobolGate seed=1] ep 16/40 token_acc=0.5264 ce=1.168
[SobolGate seed=1] ep 21/40 token_acc=0.5551 ce=0.990
[SobolGate seed=1] ep 26/40 token_acc=0.5713 ce=0.894
[SobolGate seed=1] ep 31/40 token_acc=0.5670 ce=0.872
[SobolGate seed=1] ep 36/40 token_acc=0.5746 ce=0.836
[SobolGate seed=1] ep 40/40 token_acc=0.5754 ce=0.826
SobolGate seed=1: token_acc=0.5754 exact=0.0020

=== SobolGate seed=3 ===
[SobolGate seed=3] ep 1/40 token_acc=0.1293 ce=2.118
[SobolGate seed=3] ep 6/40 token_acc=0.2373 ce=1.951
[SobolGate seed=3] ep 11/40 token_acc=0.4131 ce=1.505
[SobolGate seed=3] ep 16/40 token_acc=0.5320 ce=1.143
[SobolGate seed=3] ep 21/40 token_acc=0.5707 ce=0.992
[SobolGate seed=3] ep 26/40 token_acc=0.5906 ce=0.915
[SobolGate seed=3] ep 31/40 token_acc=0.5980 ce=0.885
[SobolGate seed=3] ep 36/40 token_acc=0.5938 ce=0.864
[SobolGate seed=3] ep 40/40 token_acc=0.5953 ce=0.855
SobolGate seed=3: token_acc=0.5953 exact=0.0000

=== CollatzFix1-replica seed=0 ===
[CollatzFix1-replica seed=0] ep 1/40 token_acc=0.1523 ce=2.078
[CollatzFix1-replica seed=0] ep 6/40 token_acc=0.5098 ce=1.247
[CollatzFix1-replica seed=0] ep 11/40 token_acc=0.7287 ce=0.751
[CollatzFix1-replica seed=0] ep 16/40 token_acc=0.7916 ce=0.589
[CollatzFix1-replica seed=0] ep 21/40 token_acc=0.8426 ce=0.479
[CollatzFix1-replica seed=0] ep 26/40 token_acc=0.8682 ce=0.424
[CollatzFix1-replica seed=0] ep 31/40 token_acc=0.8836 ce=0.402
[CollatzFix1-replica seed=0] ep 36/40 token_acc=0.8883 ce=0.382
[CollatzFix1-replica seed=0] ep 40/40 token_acc=0.8918 ce=0.367
CollatzFix1-replica seed=0: token_acc=0.8918 exact=0.3027

=== CollatzFix1-replica seed=2 ===
[CollatzFix1-replica seed=2] ep 1/40 token_acc=0.1723 ce=2.073
[CollatzFix1-replica seed=2] ep 6/40 token_acc=0.5100 ce=1.312
[CollatzFix1-replica seed=2] ep 11/40 token_acc=0.7354 ce=0.792
[CollatzFix1-replica seed=2] ep 16/40 token_acc=0.8092 ce=0.593
[CollatzFix1-replica seed=2] ep 21/40 token_acc=0.8344 ce=0.479
[CollatzFix1-replica seed=2] ep 26/40 token_acc=0.8674 ce=0.410
[CollatzFix1-replica seed=2] ep 31/40 token_acc=0.8818 ce=0.406
[CollatzFix1-replica seed=2] ep 36/40 token_acc=0.8881 ce=0.390
[CollatzFix1-replica seed=2] ep 40/40 token_acc=0.8914 ce=0.368
CollatzFix1-replica seed=2: token_acc=0.8914 exact=0.3066

=== CollatzFix1-replica seed=4 ===
[CollatzFix1-replica seed=4] ep 1/40 token_acc=0.1373 ce=2.083
[CollatzFix1-replica seed=4] ep 6/40 token_acc=0.5283 ce=1.261
[CollatzFix1-replica seed=4] ep 11/40 token_acc=0.7346 ce=0.747
[CollatzFix1-replica seed=4] ep 16/40 token_acc=0.7865 ce=0.587
[CollatzFix1-replica seed=4] ep 21/40 token_acc=0.8348 ce=0.505
[CollatzFix1-replica seed=4] ep 26/40 token_acc=0.8566 ce=0.420
[CollatzFix1-replica seed=4] ep 31/40 token_acc=0.8660 ce=0.429
[CollatzFix1-replica seed=4] ep 36/40 token_acc=0.8756 ce=0.378
[CollatzFix1-replica seed=4] ep 40/40 token_acc=0.8789 ce=0.386
CollatzFix1-replica seed=4: token_acc=0.8789 exact=0.2539

=== CollatzFix2-CP1pct seed=1 ===
[CollatzFix2-CP1pct seed=1] ep 1/40 token_acc=0.2146 ce=2.014
[CollatzFix2-CP1pct seed=1] ep 6/40 token_acc=0.3416 ce=1.321
[CollatzFix2-CP1pct seed=1] ep 11/40 token_acc=0.4359 ce=0.828
[CollatzFix2-CP1pct seed=1] ep 16/40 token_acc=0.4646 ce=0.654
[CollatzFix2-CP1pct seed=1] ep 21/40 token_acc=0.4820 ce=0.539
[CollatzFix2-CP1pct seed=1] ep 26/40 token_acc=0.4852 ce=0.472
[CollatzFix2-CP1pct seed=1] ep 31/40 token_acc=0.4877 ce=0.461
[CollatzFix2-CP1pct seed=1] ep 36/40 token_acc=0.4887 ce=0.437
[CollatzFix2-CP1pct seed=1] ep 40/40 token_acc=0.4902 ce=0.451
CollatzFix2-CP1pct seed=1: token_acc=0.4902 exact=0.0000

=== CollatzFix2-CP1pct seed=3 ===
[CollatzFix2-CP1pct seed=3] ep 1/40 token_acc=0.2047 ce=2.030
[CollatzFix2-CP1pct seed=3] ep 6/40 token_acc=0.3664 ce=1.271
[CollatzFix2-CP1pct seed=3] ep 11/40 token_acc=0.4395 ce=0.790
[CollatzFix2-CP1pct seed=3] ep 16/40 token_acc=0.4604 ce=0.666
[CollatzFix2-CP1pct seed=3] ep 21/40 token_acc=0.4725 ce=0.552
[CollatzFix2-CP1pct seed=3] ep 26/40 token_acc=0.4797 ce=0.479
[CollatzFix2-CP1pct seed=3] ep 31/40 token_acc=0.4801 ce=0.471
[CollatzFix2-CP1pct seed=3] ep 36/40 token_acc=0.4836 ce=0.430
[CollatzFix2-CP1pct seed=3] ep 40/40 token_acc=0.4836 ce=0.460
CollatzFix2-CP1pct seed=3: token_acc=0.4836 exact=0.0000

=== CollatzFix3-entropy seed=0 ===
[CollatzFix3-entropy seed=0] ep 1/40 token_acc=0.1932 ce=2.048
[CollatzFix3-entropy seed=0] ep 6/40 token_acc=0.3357 ce=1.304
[CollatzFix3-entropy seed=0] ep 11/40 token_acc=0.4096 ce=0.817
[CollatzFix3-entropy seed=0] ep 16/40 token_acc=0.4480 ce=0.648
[CollatzFix3-entropy seed=0] ep 21/40 token_acc=0.4629 ce=0.551
[CollatzFix3-entropy seed=0] ep 26/40 token_acc=0.4740 ce=0.494
[CollatzFix3-entropy seed=0] ep 31/40 token_acc=0.4791 ce=0.451
[CollatzFix3-entropy seed=0] ep 36/40 token_acc=0.4830 ce=0.448
[CollatzFix3-entropy seed=0] ep 40/40 token_acc=0.4844 ce=0.443
CollatzFix3-entropy seed=0: token_acc=0.4844 exact=0.0000

=== CollatzFix3-entropy seed=2 ===
[CollatzFix3-entropy seed=2] ep 1/40 token_acc=0.1965 ce=2.022
[CollatzFix3-entropy seed=2] ep 6/40 token_acc=0.3332 ce=1.393
[CollatzFix3-entropy seed=2] ep 11/40 token_acc=0.4562 ce=0.808
[CollatzFix3-entropy seed=2] ep 16/40 token_acc=0.4982 ce=0.633
[CollatzFix3-entropy seed=2] ep 21/40 token_acc=0.5094 ce=0.525
[CollatzFix3-entropy seed=2] ep 26/40 token_acc=0.5199 ce=0.455
[CollatzFix3-entropy seed=2] ep 31/40 token_acc=0.5260 ce=0.437
[CollatzFix3-entropy seed=2] ep 36/40 token_acc=0.5287 ce=0.418
[CollatzFix3-entropy seed=2] ep 40/40 token_acc=0.5277 ce=0.425
CollatzFix3-entropy seed=2: token_acc=0.5277 exact=0.0000

=== CollatzFix3-entropy seed=4 ===
[CollatzFix3-entropy seed=4] ep 1/40 token_acc=0.1973 ce=2.051
[CollatzFix3-entropy seed=4] ep 6/40 token_acc=0.3451 ce=1.292
[CollatzFix3-entropy seed=4] ep 11/40 token_acc=0.4236 ce=0.771
[CollatzFix3-entropy seed=4] ep 16/40 token_acc=0.4404 ce=0.628
[CollatzFix3-entropy seed=4] ep 21/40 token_acc=0.4609 ce=0.490
[CollatzFix3-entropy seed=4] ep 26/40 token_acc=0.4713 ce=0.428
[CollatzFix3-entropy seed=4] ep 31/40 token_acc=0.4742 ce=0.432
[CollatzFix3-entropy seed=4] ep 36/40 token_acc=0.4787 ce=0.400
[CollatzFix3-entropy seed=4] ep 40/40 token_acc=0.4789 ce=0.421
CollatzFix3-entropy seed=4: token_acc=0.4789 exact=0.0000


=========== TABLA ABLACIÓN (Copy Task L=10, 40 epochs) ===========
CollatzFix1            token_acc=0.8831±0.0077  exact_acc=0.2637±0.0404
NoCollatz              token_acc=0.8873±0.0065  exact_acc=0.2793±0.0350
RandomGate             token_acc=0.3161±0.0168  exact_acc=0.0000±0.0000
SobolGate              token_acc=0.5607±0.0304  exact_acc=0.0008±0.0010
CollatzFix1-replica    token_acc=0.8831±0.0077  exact_acc=0.2637±0.0404
CollatzFix2-CP1pct     token_acc=0.4857±0.0088  exact_acc=0.0000±0.0000
CollatzFix3-entropy    token_acc=0.4921±0.0188  exact_acc=0.0000±0.0000
fig5_ablation.png guardada
